// Jest Snapshot v1, https://goo.gl/fbAQLP

exports[`CardProduct render Should match data for card component 1`] = `
<div>
  <div
    class="css-1xcdsqd"
  >
    <div
      class="css-ervdjc"
    >
      <p
        class="chakra-text css-1ok93o9"
      >
        -25%
      </p>
    </div>
    <img
      alt="Lira Earrings"
      data-nimg="1"
      decoding="async"
      height="300"
      src="https://firebasestorage.googleapis.com/v0/b/test-1-50371.appspot.com/o/shoppe-products%2FImg-04.png?alt=media&token=641c3cfe-cab6-4498-8632-eb511434e042"
      style="color: transparent; background-size: cover; background-position: 50% 50%; background-repeat: no-repeat;"
      width="300"
    />
    <div
      class="css-inp0u2"
    >
      <h3
        class="chakra-heading css-b14ccn"
      >
        <a
          href="/products/1"
        >
          Lira Earrings
        </a>
      </h3>
      <p
        class="chakra-text css-uc37v3"
      >
        $ 20.00
      </p>
    </div>
  </div>
  <span
    hidden=""
    id="__chakra_env"
  />
</div>
`;
